// Jest Snapshot v1, https://goo.gl/fbAQLP

exports[`Test <Container /> component should correct render component 1`] = `
<div
  className="container"
>
  <p>
    test
  </p>
</div>
`;
