// Jest Snapshot v1, https://goo.gl/fbAQLP

exports[`test <ItemPage /> component should match snapshot 1`] = `
<Main
  className="main"
>
  <Container
    className="container"
  >
    <Connect(BeerPage)
      id={22}
    />
  </Container>
</Main>
`;
