// Jest Snapshot v1, https://goo.gl/fbAQLP

exports[`Test <Root/> component should correct render component 1`] = `
<Provider
  store={
    Object {
      "dispatch": [Function],
      "getState": [Function],
      "replaceReducer": [Function],
      "subscribe": [Function],
      Symbol(observable): [Function],
    }
  }
>
  <AppRouter />
</Provider>
`;
